[data] provider 'alpaca' unavailable (No module named 'alpaca'); falling back to 'yfinance'
$AET: possibly delisted; no price data found  (1d 2018-11-30 -> 2026-12-31)

1 Failed download:
['AET']: possibly delisted; no price data found  (1d 2018-11-30 -> 2026-12-31)
$ANDV: possibly delisted; no price data found  (1d 2018-10-02 -> 2026-12-31)

1 Failed download:
['ANDV']: possibly delisted; no price data found  (1d 2018-10-02 -> 2026-12-31)
$AVB: possibly delisted; no price data found  (1d 2026-08-25 -> 2026-12-31)

1 Failed download:
['AVB']: possibly delisted; no price data found  (1d 2026-08-25 -> 2026-12-31)
$COL: possibly delisted; no price data found  (1d 2020-12-01 -> 2026-12-31)

1 Failed download:
['COL']: possibly delisted; no price data found  (1d 2020-12-01 -> 2026-12-31)
$EA: possibly delisted; no price data found  (1d 2026-08-11 -> 2026-12-31)

1 Failed download:
['EA']: possibly delisted; no price data found  (1d 2026-08-11 -> 2026-12-31)
$EQR: possibly delisted; no price data found  (1d 2026-08-22 -> 2026-12-31)

1 Failed download:
['EQR']: possibly delisted; no price data found  (1d 2026-08-22 -> 2026-12-31)
$ESRX: possibly delisted; no price data found  (1d 2018-12-22 -> 2026-12-31)

1 Failed download:
['ESRX']: possibly delisted; no price data found  (1d 2018-12-22 -> 2026-12-31)
$EVHC: possibly delisted; no price data found  (1d 2018-10-11 -> 2026-12-31)

1 Failed download:
['EVHC']: possibly delisted; no price data found  (1d 2018-10-11 -> 2026-12-31)
$HOT: possibly delisted; no price data found  (1d 2017-03-21 -> 2026-12-31)

1 Failed download:
['HOT']: possibly delisted; no price data found  (1d 2017-03-21 -> 2026-12-31)
$LEG: possibly delisted; no price data found  (1d 2026-08-28 -> 2026-12-31)

1 Failed download:
['LEG']: possibly delisted; no price data found  (1d 2026-08-28 -> 2026-12-31)
$SCG: possibly delisted; no price data found  (1d 2019-01-01 -> 2026-12-31)

1 Failed download:
['SCG']: possibly delisted; no price data found  (1d 2019-01-01 -> 2026-12-31)
$TWX: possibly delisted; no price data found  (1d 2018-06-16 -> 2026-12-31)

1 Failed download:
['TWX']: possibly delisted; no price data found  (1d 2018-06-16 -> 2026-12-31)
  mode       HONEST — a fresh search per segment, past data only
  cost       7 searches x 1200 genomes; this takes a while
------------------------------------------------------------------------------
  seg 3  searched 545 sessions, traded 2018-03-19 -> 2019-04-02     -0.58% vs   +6.00%
  seg 4  searched 817 sessions, traded 2019-04-17 -> 2020-05-01    -17.64% vs  -10.01%
  seg 5  searched 1090 sessions, traded 2020-05-18 -> 2021-06-01    +56.04% vs  +67.81%
